// Vitest Snapshot v1, https://vitest.dev/guide/snapshot.html

exports[`SettingsTableAlertDialog > should render null 1`] = `null`;
