// Vitest Snapshot v1, https://vitest.dev/guide/snapshot.html

exports[`SettingsTableShortcutCell > should render with empty shortcut badge 1`] = `
<td
  className="p-4 align-middle [&:has([role=checkbox])]:pr-0 flex items-center gap-2 font-medium"
>
  <div
    className="inline-flex items-center border px-2.5 py-0.5 text-xs font-semibold transition-colors focus:outline-none focus:ring-2 focus:ring-ring focus:ring-offset-2 text-foreground select-none rounded"
  >
    Alt
  </div>
  <div
    className="inline-flex items-center border px-2.5 py-0.5 text-xs font-semibold transition-colors focus:outline-none focus:ring-2 focus:ring-ring focus:ring-offset-2 text-foreground select-none rounded"
  >
    Shift
  </div>
  <div
    className="inline-flex items-center border px-2.5 py-0.5 text-xs font-semibold transition-colors focus:outline-none focus:ring-2 focus:ring-ring focus:ring-offset-2 text-foreground w-8 select-none justify-center rounded"
  />
</td>
`;

exports[`SettingsTableShortcutCell > should render with shortcut filled shortcut badge 1`] = `
<td
  className="p-4 align-middle [&:has([role=checkbox])]:pr-0 flex items-center gap-2 font-medium"
>
  <div
    className="inline-flex items-center border px-2.5 py-0.5 text-xs font-semibold transition-colors focus:outline-none focus:ring-2 focus:ring-ring focus:ring-offset-2 text-foreground select-none rounded"
  >
    Alt
  </div>
  <div
    className="inline-flex items-center border px-2.5 py-0.5 text-xs font-semibold transition-colors focus:outline-none focus:ring-2 focus:ring-ring focus:ring-offset-2 text-foreground select-none rounded"
  >
    Shift
  </div>
  <div
    className="inline-flex items-center border px-2.5 py-0.5 text-xs font-semibold transition-colors focus:outline-none focus:ring-2 focus:ring-ring focus:ring-offset-2 text-foreground w-8 select-none justify-center rounded"
  >
    a
  </div>
</td>
`;
